../Core/Src/main.c:81:5:main	56	static
../Core/Src/main.c:169:6:SystemClock_Config	88	static
../Core/Src/main.c:215:13:MX_TIM4_Init	64	static
../Core/Src/main.c:274:13:MX_TIM7_Init	16	static
../Core/Src/main.c:312:13:MX_USART1_UART_Init	8	static
../Core/Src/main.c:345:13:MX_GPIO_Init	40	static
../Core/Src/main.c:378:6:Delay_us	16	static
../Core/Src/main.c:387:6:Run_Photic_Sequence	40	static
../Core/Src/main.c:419:5:_write	24	static
../Core/Src/main.c:436:6:Error_Handler	4	static,ignoring_inline_asm
