../Core/Src/main.c:78:5:main	40	static
../Core/Src/main.c:181:6:SystemClock_Config	88	static
../Core/Src/main.c:227:13:MX_TIM4_Init	64	static
../Core/Src/main.c:286:13:MX_TIM7_Init	16	static
../Core/Src/main.c:324:13:MX_USART1_UART_Init	8	static
../Core/Src/main.c:357:13:MX_GPIO_Init	40	static
../Core/Src/main.c:390:6:Delay_us	16	static
../Core/Src/main.c:399:6:Run_Photic_Sequence	40	static
../Core/Src/main.c:431:5:_write	24	static
../Core/Src/main.c:442:6:USB_CDC_RxHandler	16	static
../Core/Src/main.c:459:6:Error_Handler	4	static,ignoring_inline_asm
