../Core/Src/main.c:99:5:main	5
../Core/Src/main.c:230:6:SystemClock_Config	3
../Core/Src/main.c:276:13:MX_TIM4_Init	6
../Core/Src/main.c:335:13:MX_TIM7_Init	3
../Core/Src/main.c:373:13:MX_USART1_UART_Init	2
../Core/Src/main.c:406:13:MX_GPIO_Init	1
../Core/Src/main.c:439:6:Delay_us	2
../Core/Src/main.c:480:6:Start_Photic_Sequence	4
../Core/Src/main.c:520:6:Update_Photic_Sequence	6
../Core/Src/main.c:554:6:Send_Heartbeat_Packet	2
../Core/Src/main.c:567:6:USB_CDC_RxHandler	2
../Core/Src/main.c:584:5:_write	1
../Core/Src/main.c:601:6:Error_Handler	1
