../Core/Src/main.c:108:5:main	4
../Core/Src/main.c:184:6:SystemClock_Config	3
../Core/Src/main.c:230:13:MX_TIM4_Init	6
../Core/Src/main.c:289:13:MX_TIM7_Init	3
../Core/Src/main.c:327:13:MX_USART1_UART_Init	2
../Core/Src/main.c:360:13:MX_GPIO_Init	1
../Core/Src/main.c:395:6:Send_Status_Response	3
../Core/Src/main.c:442:6:Parse_Heartbeat_Packet	10
../Core/Src/main.c:506:6:Update_Photic_Sequence	5
../Core/Src/main.c:529:6:USB_CDC_RxHandler	2
../Core/Src/main.c:537:5:_write	1
../Core/Src/main.c:549:6:Delay_us	2
../Core/Src/main.c:604:6:Error_Handler	1
