17:15:12 **** Incremental Build of configuration Debug for project BAREMETAL ****
make -j12 all 
arm-none-eabi-gcc "../Core/Src/main.c" -mcpu=cortex-m4 -std=gnu11 -g3 -DDEBUG -DUSE_HAL_DRIVER -DSTM32F405xx -c -I../USB_DEVICE/App -I../USB_DEVICE/Target -I../Core/Inc -I../Drivers/STM32F4xx_HAL_Driver/Inc -I../Drivers/STM32F4xx_HAL_Driver/Inc/Legacy -I../Middlewares/ST/STM32_USB_Device_Library/Core/Inc -I../Middlewares/ST/STM32_USB_Device_Library/Class/CDC/Inc -I../Drivers/CMSIS/Device/ST/STM32F4xx/Include -I../Drivers/CMSIS/Include -O0 -ffunction-sections -fdata-sections -Wall -fstack-usage -fcyclomatic-complexity -MMD -MP -MF"Core/Src/main.d" -MT"Core/Src/main.o" --specs=nano.specs -mfpu=fpv4-sp-d16 -mfloat-abi=hard -mthumb -o "Core/Src/main.o"
../Core/Src/main.c: In function '_write':
../Core/Src/main.c:484:9: warning: implicit declaration of function 'CDC_Transmit_FS' [-Wimplicit-function-declaration]
  484 |         CDC_Transmit_FS((uint8_t*) ptr, len); return len;
      |         ^~~~~~~~~~~~~~~
arm-none-eabi-gcc -o "BAREMETAL.elf" @"objects.list"   -mcpu=cortex-m4 -T"C:\Users\ybrain\Desktop\KHY\workfile\HEDEN_STIM\STIM2_Circuit\FW_BAREMETAL\BAREMETAL\STM32F405RGTX_FLASH.ld" --specs=nosys.specs -Wl,-Map="BAREMETAL.map" -Wl,--gc-sections -static --specs=nano.specs -mfpu=fpv4-sp-d16 -mfloat-abi=hard -mthumb -Wl,--start-group -lc -lm -Wl,--end-group
Finished building target: BAREMETAL.elf
 
arm-none-eabi-size  BAREMETAL.elf 
arm-none-eabi-objdump -h -S BAREMETAL.elf  > "BAREMETAL.list"
   text	   data	    bss	    dec	    hex	filename
  34080	    252	   9012	  43344	   a950	BAREMETAL.elf
Finished building: default.size.stdout
 
Finished building: BAREMETAL.list
 

17:15:14 Build Finished. 0 errors, 1 warnings. (took 1s.644ms)

